Main
    t0 = 4
    v0 = t0
    t1 = v0
    t0 = alloc(t1)
    w0 = t0
    t1 = v0
    s1 = alloc(t1)
    t0 = @FacComputeFac
    v0 = t0
    t1 = v0
    [s1 + 0] = t1
    v0 = s1
    t0 = w0
    t1 = v0
    [t0 + 0] = t1
    t0 = w0
    if0 t0 goto null1
    t1 = w0
    s2 = [t1 + 0]
    s2 = [s2 + 0]
    t0 = 6
    v0 = t0
    s3 = call s2(w0 v0)
FacComputeFac
    stack1 = s1
    stack2 = s2
    stack3 = s3
    stack4 = s4
    s1 = 1
    t1 = num
    s2 = t1 < s1
    if0 s2 goto if1_else
    if1_else:
    t1 = this
    s3 = [t1 + 0]
    s3 = [s3 + 0]
    s1 = 1
    t1 = num
    t0 = t1 - s1
    w2 = t0
    s4 = call s3(this w2)
FacComputeFac
    stack1 = s1
    stack2 = s2
    stack3 = s3
    stack4 = s4
    s1 = 1
    t1 = num
    s2 = t1 < s1
    if0 s2 goto if1_else
    if1_else:
    t1 = this
    s3 = [t1 + 0]
    s3 = [s3 + 0]
    s1 = 1
    t1 = num
    t0 = t1 - s1
    w2 = t0
    s4 = call s3(this w2)
FacComputeFac
    stack1 = s1
    stack2 = s2
    stack3 = s3
    stack4 = s4
    s1 = 1
    t1 = num
    s2 = t1 < s1
    if0 s2 goto if1_else
    if1_else:
    t1 = this
    s3 = [t1 + 0]
    s3 = [s3 + 0]
    s1 = 1
    t1 = num
    t0 = t1 - s1
    w2 = t0
    s4 = call s3(this w2)
FacComputeFac
    stack1 = s1
    stack2 = s2
    stack3 = s3
    stack4 = s4
    s1 = 1
    t1 = num
    s2 = t1 < s1
    if0 s2 goto if1_else
    if1_else:
    t1 = this
    s3 = [t1 + 0]
    s3 = [s3 + 0]
    s1 = 1
    t1 = num
    t0 = t1 - s1
    w2 = t0
    s4 = call s3(this w2)
FacComputeFac
    stack1 = s1
    stack2 = s2
    stack3 = s3
    stack4 = s4
    s1 = 1
    t1 = num
    s2 = t1 < s1
    if0 s2 goto if1_else
    if1_else:
    t1 = this
    s3 = [t1 + 0]
    s3 = [s3 + 0]
    s1 = 1
    t1 = num
    t0 = t1 - s1
    w2 = t0
    s4 = call s3(this w2)
FacComputeFac
    stack1 = s1
    stack2 = s2
    stack3 = s3
    stack4 = s4
    s1 = 1
    t1 = num
    s2 = t1 < s1
    if0 s2 goto if1_else
    if1_else:
    t1 = this
    s3 = [t1 + 0]
    s3 = [s3 + 0]
    s1 = 1
    t1 = num
    t0 = t1 - s1
    w2 = t0
    s4 = call s3(this w2)
FacComputeFac
    stack1 = s1
    stack2 = s2
    stack3 = s3
    stack4 = s4
    s1 = 1
    t1 = num
    s2 = t1 < s1
    if0 s2 goto if1_else
    t0 = 1
    num_aux = t0
    goto if1_end
    if1_end:
    s1 = stack1
    s2 = stack2
    s3 = stack3
    s4 = stack4
    return num_aux
    t1 = num
    t0 = t1 * s4
    num_aux = t0
    if1_end:
    s1 = stack1
    s2 = stack2
    s3 = stack3
    s4 = stack4
    return num_aux
    t1 = num
    t0 = t1 * s4
    num_aux = t0
    if1_end:
    s1 = stack1
    s2 = stack2
    s3 = stack3
    s4 = stack4
    return num_aux
    t1 = num
    t0 = t1 * s4
    num_aux = t0
    if1_end:
    s1 = stack1
    s2 = stack2
    s3 = stack3
    s4 = stack4
    return num_aux
    t1 = num
    t0 = t1 * s4
    num_aux = t0
    if1_end:
    s1 = stack1
    s2 = stack2
    s3 = stack3
    s4 = stack4
    return num_aux
    t1 = num
    t0 = t1 * s4
    num_aux = t0
    if1_end:
    s1 = stack1
    s2 = stack2
    s3 = stack3
    s4 = stack4
    return num_aux
    t1 = num
    t0 = t1 * s4
    num_aux = t0
    if1_end:
    s1 = stack1
    s2 = stack2
    s3 = stack3
    s4 = stack4
    return num_aux
    print(s3)
720
    goto main_end
    main_end:
    return v0
